// Jest Snapshot v1, https://goo.gl/fbAQLP

exports[`AbsenceStatus.tsx snapshot testing 1`] = `
<div
  className="ui mini green label"
>
  Confirmed
</div>
`;
