// Jest Snapshot v1, https://goo.gl/fbAQLP

exports[`PaginationFooter.tsx snapshot testing 1`] = `
<div
  className="ui bottom fixed menu"
  id="footer"
>
  <div
    className="ui container"
  >
    <div
      id="footer-text"
    >
      <p>
        Showing 
        <b>
          1
        </b>
         - 
        <b>
          0
        </b>
         of 
        <b>
          10
        </b>
         absentees
      </p>
    </div>
    <div
      className="right menu"
    >
      <div
        className="ui basic buttons"
      >
        <button
          className="ui button"
          onClick={[Function]}
        >
          <i
            className="left chevron icon"
          />
        </button>
        <button
          className="ui button"
          onClick={[Function]}
        >
          <i
            className="right chevron icon"
          />
        </button>
      </div>
    </div>
  </div>
</div>
`;
